// Jest Snapshot v1, https://goo.gl/fbAQLP

exports[`Dashboard Page should render accomodation UI dashboard page correctly 1`] = `
<body>
  <Accommodations />
</body>
`;
